ocaml
1
"Hello"
[1; 2; 3]
Node {l = Empty;
      v = 1;
      d = 1;
      r = Node {l = Empty;
                v = 2;
                d = 2;
                r = Node {l = Empty; v = 3; d = 3; r = Empty; h = 1};
                h = 2};
      h = 3}

ocamlc
1
"Hello"
[1; 2; 3]
Node {l = Empty;
      v = 1;
      d = 1;
      r = Node {l = Empty;
                v = 2;
                d = 2;
                r = Node {l = Empty; v = 3; d = 3; r = Empty; h = 1};
                h = 2};
      h = 3}

ocamlc.opt
1
"Hello"
[1; 2; 3]
Node {l = Empty;
      v = 1;
      d = 1;
      r = Node {l = Empty;
                v = 2;
                d = 2;
                r = Node {l = Empty; v = 3; d = 3; r = Empty; h = 1};
                h = 2};
      h = 3}

ocamlopt
1
"Hello"
[1; 2; 3]
Node {l = Empty;
      v = 1;
      d = 1;
      r = Node {l = Empty;
                v = 2;
                d = 2;
                r = Node {l = Empty; v = 3; d = 3; r = Empty; h = 1};
                h = 2};
      h = 3}

ocamlopt.opt
1
"Hello"
[1; 2; 3]
Node {l = Empty;
      v = 1;
      d = 1;
      r = Node {l = Empty;
                v = 2;
                d = 2;
                r = Node {l = Empty; v = 3; d = 3; r = Empty; h = 1};
                h = 2};
      h = 3}
